// Jest Snapshot v1, https://goo.gl/fbAQLP

exports[`Test del componente GifItems Debe coincidir con el snapshot 1`] = `
<div>
  <div
    class="card"
  >
    <img
      alt="mi titulo"
      src="https://abc.com/de"
    />
    <p>
      mi titulo
    </p>
  </div>
</div>
`;
